// Jest Snapshot v1, https://goo.gl/fbAQLP

exports[`should render header properly 1`] = `
<header
  className="header"
>
  <span>
    Expensify
  </span>
  <NavLink
    activeClassName="is-active"
    exact={true}
    to="/"
  >
    Home
  </NavLink>
  <NavLink
    activeClassName="is-active"
    to="/create"
  >
    Create
  </NavLink>
  <NavLink
    activeClassName="is-active"
    to="/edit"
  >
    Edit
  </NavLink>
</header>
`;
