// Jest Snapshot v1, https://goo.gl/fbAQLP

exports[`should render NotFound 1`] = `
<div>
  <p>
    Login
  </p>
  <button>
    Login
  </button>
</div>
`;
