// Jest Snapshot v1, https://goo.gl/fbAQLP

exports[`should render NotFound 1`] = `
<div>
  <h2>
    Not Found 404!
  </h2>
  <Link
    to="/"
  >
    Go Home
  </Link>
</div>
`;
